The body will appear multiple times...
The body will appear multiple times...
The body will appear multiple times...
