This file contains comments 
which should not appear in the template output...
In the final output, this should be the third line...