[This is the header]

Main text...

[This is the footer]
