This is the base template which subclasses will inherit.

This is the footer for the base template.
