This is a simple template that contains some non-ASCII characters.

Cañon, información, pengüino, Alcalá, élite, ícono, €, ©, ¿?, ¡!, ªº

áéíúó
 ÁÉÍÓÚ
  äëïöü
   ÄËÏÖÜ
  àèìòù
 ÀÈÌÙÒ
  âêîôû
   ÂÊÎÔÛ