The #slurp directive can be used to gobble up a trailing newline. This template consists of several lines of text, but thanks to the use of the #slurp directive the newlines are all gobbled up and the final output appears all on one line.