This is the base template which subclasses will inherit.

This is the overridden footer.
