Text before the comment... 
Text after the comment.